{"timestamp":"2026-06-14T15:12:23.312112Z","level":"INFO","fields":{"message":"python/3.11.15; huggingface_hub/1.19.0; hf_xet/1.5.1; , xet-core revision 9dc8c18"},"filename":"/home/runner/work/xet-core/xet-core/xet_runtime/src/logging/init.rs","line_number":65}
{"timestamp":"2026-06-14T15:12:23.312179Z","level":"INFO","fields":{"message":"hf_xet logging configured."},"filename":"src/logging.rs","line_number":36}
{"timestamp":"2026-06-14T15:12:23.312240Z","level":"INFO","fields":{"message":"starting log cleanup in \"/home/runner/work/FinAI/FinAI/.hf_cache/xet/logs\" (min_age=86400s, max_retention=1209600s, max_size=250MB bytes)"},"filename":"/home/runner/work/xet-core/xet-core/xet_runtime/src/logging/init.rs","line_number":241}
{"timestamp":"2026-06-14T15:12:23.312284Z","level":"INFO","fields":{"message":"Config: min_spacing_between_global_dedup_queries = 256 (default)"},"filename":"/home/runner/work/xet-core/xet-core/xet_runtime/src/utils/configuration_utils.rs","line_number":53}
{"timestamp":"2026-06-14T15:12:23.312293Z","level":"INFO","fields":{"message":"Config: local_cas_scheme = \"local://\" (default)"},"filename":"/home/runner/work/xet-core/xet-core/xet_runtime/src/utils/configuration_utils.rs","line_number":53}
{"timestamp":"2026-06-14T15:12:23.312297Z","level":"INFO","fields":{"message":"Config: max_concurrent_file_ingestion = 8 (default)"},"filename":"/home/runner/work/xet-core/xet-core/xet_runtime/src/utils/configuration_utils.rs","line_number":53}
{"timestamp":"2026-06-14T15:12:23.312301Z","level":"INFO","fields":{"message":"Config: max_concurrent_file_downloads = 8 (default)"},"filename":"/home/runner/work/xet-core/xet-core/xet_runtime/src/utils/configuration_utils.rs","line_number":53}
{"timestamp":"2026-06-14T15:12:23.312304Z","level":"INFO","fields":{"message":"Config: ingestion_block_size = 8MB (default)"},"filename":"/home/runner/work/xet-core/xet-core/xet_runtime/src/utils/configuration_utils.rs","line_number":53}
{"timestamp":"2026-06-14T15:12:23.312308Z","level":"INFO","fields":{"message":"Config: progress_update_interval = 200ms (default)"},"filename":"/home/runner/work/xet-core/xet-core/xet_runtime/src/utils/configuration_utils.rs","line_number":53}
{"timestamp":"2026-06-14T15:12:23.312312Z","level":"INFO","fields":{"message":"Config: progress_update_speed_sampling_window = 10s (default)"},"filename":"/home/runner/work/xet-core/xet-core/xet_runtime/src/utils/configuration_utils.rs","line_number":53}
{"timestamp":"2026-06-14T15:12:23.312315Z","level":"INFO","fields":{"message":"Config: progress_update_speed_min_observations = 4 (default)"},"filename":"/home/runner/work/xet-core/xet-core/xet_runtime/src/utils/configuration_utils.rs","line_number":53}
{"timestamp":"2026-06-14T15:12:23.312318Z","level":"INFO","fields":{"message":"Config: session_xorb_metadata_flush_interval = 20s (default)"},"filename":"/home/runner/work/xet-core/xet-core/xet_runtime/src/utils/configuration_utils.rs","line_number":53}
{"timestamp":"2026-06-14T15:12:23.312322Z","level":"INFO","fields":{"message":"Config: session_xorb_metadata_flush_max_count = 64 (default)"},"filename":"/home/runner/work/xet-core/xet-core/xet_runtime/src/utils/configuration_utils.rs","line_number":53}
{"timestamp":"2026-06-14T15:12:23.312325Z","level":"INFO","fields":{"message":"Config: default_cas_endpoint = \"http://localhost:8080\" (default)"},"filename":"/home/runner/work/xet-core/xet-core/xet_runtime/src/utils/configuration_utils.rs","line_number":53}
{"timestamp":"2026-06-14T15:12:23.312328Z","level":"INFO","fields":{"message":"Config: aggregate_progress = true (default)"},"filename":"/home/runner/work/xet-core/xet-core/xet_runtime/src/utils/configuration_utils.rs","line_number":53}
{"timestamp":"2026-06-14T15:12:23.312332Z","level":"INFO","fields":{"message":"Config: default_prefix = \"default\" (default)"},"filename":"/home/runner/work/xet-core/xet-core/xet_runtime/src/utils/configuration_utils.rs","line_number":53}
{"timestamp":"2026-06-14T15:12:23.312335Z","level":"INFO","fields":{"message":"Config: staging_subdir = \"staging\" (default)"},"filename":"/home/runner/work/xet-core/xet-core/xet_runtime/src/utils/configuration_utils.rs","line_number":53}
{"timestamp":"2026-06-14T15:12:23.312339Z","level":"INFO","fields":{"message":"Config: target_size = 67108864 (default)"},"filename":"/home/runner/work/xet-core/xet-core/xet_runtime/src/utils/configuration_utils.rs","line_number":53}
{"timestamp":"2026-06-14T15:12:23.312342Z","level":"INFO","fields":{"message":"Config: max_target_size = 67108864 (default)"},"filename":"/home/runner/work/xet-core/xet-core/xet_runtime/src/utils/configuration_utils.rs","line_number":53}
{"timestamp":"2026-06-14T15:12:23.312345Z","level":"INFO","fields":{"message":"Config: cache_size_limit = 16GB (default)"},"filename":"/home/runner/work/xet-core/xet-core/xet_runtime/src/utils/configuration_utils.rs","line_number":53}
{"timestamp":"2026-06-14T15:12:23.312349Z","level":"INFO","fields":{"message":"Config: chunk_index_table_max_size = 67108864 (default)"},"filename":"/home/runner/work/xet-core/xet-core/xet_runtime/src/utils/configuration_utils.rs","line_number":53}
{"timestamp":"2026-06-14T15:12:23.312351Z","level":"INFO","fields":{"message":"Config: cache_subdir = \"shard-cache\" (default)"},"filename":"/home/runner/work/xet-core/xet-core/xet_runtime/src/utils/configuration_utils.rs","line_number":53}
{"timestamp":"2026-06-14T15:12:23.312354Z","level":"INFO","fields":{"message":"Config: nranges_in_streaming_fragmentation_estimator = 128 (default)"},"filename":"/home/runner/work/xet-core/xet-core/xet_runtime/src/utils/configuration_utils.rs","line_number":53}
{"timestamp":"2026-06-14T15:12:23.312357Z","level":"INFO","fields":{"message":"Config: min_n_chunks_per_range_hysteresis_factor = 0.5 (default)"},"filename":"/home/runner/work/xet-core/xet-core/xet_runtime/src/utils/configuration_utils.rs","line_number":53}
{"timestamp":"2026-06-14T15:12:23.312361Z","level":"INFO","fields":{"message":"Config: min_n_chunks_per_range = 8.0 (default)"},"filename":"/home/runner/work/xet-core/xet-core/xet_runtime/src/utils/configuration_utils.rs","line_number":53}
{"timestamp":"2026-06-14T15:12:23.312365Z","level":"INFO","fields":{"message":"Config: global_dedup_query_enabled = true (default)"},"filename":"/home/runner/work/xet-core/xet-core/xet_runtime/src/utils/configuration_utils.rs","line_number":53}
{"timestamp":"2026-06-14T15:12:23.312367Z","level":"INFO","fields":{"message":"Config: size_bytes = 0 (default)"},"filename":"/home/runner/work/xet-core/xet-core/xet_runtime/src/utils/configuration_utils.rs","line_number":53}
{"timestamp":"2026-06-14T15:12:23.312370Z","level":"INFO","fields":{"message":"Config: retry_max_attempts = 5 (default)"},"filename":"/home/runner/work/xet-core/xet-core/xet_runtime/src/utils/configuration_utils.rs","line_number":53}
{"timestamp":"2026-06-14T15:12:23.312373Z","level":"INFO","fields":{"message":"Config: retry_base_delay = 3s (default)"},"filename":"/home/runner/work/xet-core/xet-core/xet_runtime/src/utils/configuration_utils.rs","line_number":53}
{"timestamp":"2026-06-14T15:12:23.312375Z","level":"INFO","fields":{"message":"Config: retry_max_duration = 360s (default)"},"filename":"/home/runner/work/xet-core/xet-core/xet_runtime/src/utils/configuration_utils.rs","line_number":53}
{"timestamp":"2026-06-14T15:12:23.312378Z","level":"INFO","fields":{"message":"Config: idle_connection_timeout = 60s (default)"},"filename":"/home/runner/work/xet-core/xet-core/xet_runtime/src/utils/configuration_utils.rs","line_number":53}
{"timestamp":"2026-06-14T15:12:23.312381Z","level":"INFO","fields":{"message":"Config: max_idle_connections = 16 (default)"},"filename":"/home/runner/work/xet-core/xet-core/xet_runtime/src/utils/configuration_utils.rs","line_number":53}
{"timestamp":"2026-06-14T15:12:23.312384Z","level":"INFO","fields":{"message":"Config: connect_timeout = 60s (default)"},"filename":"/home/runner/work/xet-core/xet-core/xet_runtime/src/utils/configuration_utils.rs","line_number":53}
{"timestamp":"2026-06-14T15:12:23.312387Z","level":"INFO","fields":{"message":"Config: read_timeout = 300s (default)"},"filename":"/home/runner/work/xet-core/xet-core/xet_runtime/src/utils/configuration_utils.rs","line_number":53}
{"timestamp":"2026-06-14T15:12:23.312390Z","level":"INFO","fields":{"message":"Config: upload_reporting_block_size = 524288 (default)"},"filename":"/home/runner/work/xet-core/xet-core/xet_runtime/src/utils/configuration_utils.rs","line_number":53}
{"timestamp":"2026-06-14T15:12:23.312393Z","level":"INFO","fields":{"message":"Config: enable_adaptive_concurrency = true (default)"},"filename":"/home/runner/work/xet-core/xet-core/xet_runtime/src/utils/configuration_utils.rs","line_number":53}
{"timestamp":"2026-06-14T15:12:23.312395Z","level":"INFO","fields":{"message":"Config: ac_min_adjustment_window_ms = 500 (default)"},"filename":"/home/runner/work/xet-core/xet-core/xet_runtime/src/utils/configuration_utils.rs","line_number":53}
{"timestamp":"2026-06-14T15:12:23.312398Z","level":"INFO","fields":{"message":"Config: ac_min_bytes_required_for_adjustment = 20MB (default)"},"filename":"/home/runner/work/xet-core/xet-core/xet_runtime/src/utils/configuration_utils.rs","line_number":53}
{"timestamp":"2026-06-14T15:12:23.312401Z","level":"INFO","fields":{"message":"Config: ac_num_transmissions_required_for_adjustment = 1 (default)"},"filename":"/home/runner/work/xet-core/xet-core/xet_runtime/src/utils/configuration_utils.rs","line_number":53}
{"timestamp":"2026-06-14T15:12:23.312403Z","level":"INFO","fields":{"message":"Config: ac_latency_rtt_half_life = 64.0 (default)"},"filename":"/home/runner/work/xet-core/xet-core/xet_runtime/src/utils/configuration_utils.rs","line_number":53}
{"timestamp":"2026-06-14T15:12:23.312407Z","level":"INFO","fields":{"message":"Config: ac_success_tracking_half_life = 8.0 (default)"},"filename":"/home/runner/work/xet-core/xet-core/xet_runtime/src/utils/configuration_utils.rs","line_number":53}
{"timestamp":"2026-06-14T15:12:23.312410Z","level":"INFO","fields":{"message":"Config: ac_target_rtt = 60s (default)"},"filename":"/home/runner/work/xet-core/xet-core/xet_runtime/src/utils/configuration_utils.rs","line_number":53}
{"timestamp":"2026-06-14T15:12:23.312413Z","level":"INFO","fields":{"message":"Config: ac_max_healthy_rtt = 90s (default)"},"filename":"/home/runner/work/xet-core/xet-core/xet_runtime/src/utils/configuration_utils.rs","line_number":53}
{"timestamp":"2026-06-14T15:12:23.312416Z","level":"INFO","fields":{"message":"Config: ac_rtt_success_max_quantile = 0.95 (default)"},"filename":"/home/runner/work/xet-core/xet-core/xet_runtime/src/utils/configuration_utils.rs","line_number":53}
{"timestamp":"2026-06-14T15:12:23.312418Z","level":"INFO","fields":{"message":"Config: ac_healthy_success_ratio_threshold = 0.8 (default)"},"filename":"/home/runner/work/xet-core/xet-core/xet_runtime/src/utils/configuration_utils.rs","line_number":53}
{"timestamp":"2026-06-14T15:12:23.312421Z","level":"INFO","fields":{"message":"Config: ac_unhealthy_success_ratio_threshold = 0.5 (default)"},"filename":"/home/runner/work/xet-core/xet-core/xet_runtime/src/utils/configuration_utils.rs","line_number":53}
{"timestamp":"2026-06-14T15:12:23.312424Z","level":"INFO","fields":{"message":"Config: ac_max_reference_transmission_size = 64MB (default)"},"filename":"/home/runner/work/xet-core/xet-core/xet_runtime/src/utils/configuration_utils.rs","line_number":53}
{"timestamp":"2026-06-14T15:12:23.312427Z","level":"INFO","fields":{"message":"Config: ac_min_reference_transmission_size = 1MB (default)"},"filename":"/home/runner/work/xet-core/xet-core/xet_runtime/src/utils/configuration_utils.rs","line_number":53}
{"timestamp":"2026-06-14T15:12:23.312430Z","level":"INFO","fields":{"message":"Config: ac_logging_interval_ms = 10000 (default)"},"filename":"/home/runner/work/xet-core/xet-core/xet_runtime/src/utils/configuration_utils.rs","line_number":53}
{"timestamp":"2026-06-14T15:12:23.312433Z","level":"INFO","fields":{"message":"Config: ac_max_upload_concurrency = 64 (default)"},"filename":"/home/runner/work/xet-core/xet-core/xet_runtime/src/utils/configuration_utils.rs","line_number":53}
{"timestamp":"2026-06-14T15:12:23.312436Z","level":"INFO","fields":{"message":"Config: ac_min_upload_concurrency = 1 (default)"},"filename":"/home/runner/work/xet-core/xet-core/xet_runtime/src/utils/configuration_utils.rs","line_number":53}
{"timestamp":"2026-06-14T15:12:23.312439Z","level":"INFO","fields":{"message":"Config: ac_initial_upload_concurrency = 2 (default)"},"filename":"/home/runner/work/xet-core/xet-core/xet_runtime/src/utils/configuration_utils.rs","line_number":53}
{"timestamp":"2026-06-14T15:12:23.312442Z","level":"INFO","fields":{"message":"Config: ac_max_download_concurrency = 64 (default)"},"filename":"/home/runner/work/xet-core/xet-core/xet_runtime/src/utils/configuration_utils.rs","line_number":53}
{"timestamp":"2026-06-14T15:12:23.312446Z","level":"INFO","fields":{"message":"Config: ac_min_download_concurrency = 1 (default)"},"filename":"/home/runner/work/xet-core/xet-core/xet_runtime/src/utils/configuration_utils.rs","line_number":53}
{"timestamp":"2026-06-14T15:12:23.312449Z","level":"INFO","fields":{"message":"Config: ac_initial_download_concurrency = 4 (default)"},"filename":"/home/runner/work/xet-core/xet-core/xet_runtime/src/utils/configuration_utils.rs","line_number":53}
{"timestamp":"2026-06-14T15:12:23.312451Z","level":"INFO","fields":{"message":"Config: unix_socket_path = None (default)"},"filename":"/home/runner/work/xet-core/xet-core/xet_runtime/src/utils/configuration_utils.rs","line_number":53}
{"timestamp":"2026-06-14T15:12:23.312454Z","level":"INFO","fields":{"message":"Config: reconstruction_api_version = None (default)"},"filename":"/home/runner/work/xet-core/xet-core/xet_runtime/src/utils/configuration_utils.rs","line_number":53}
{"timestamp":"2026-06-14T15:12:23.312457Z","level":"INFO","fields":{"message":"Config: enable_multirange_fetching = false (default)"},"filename":"/home/runner/work/xet-core/xet-core/xet_runtime/src/utils/configuration_utils.rs","line_number":53}
{"timestamp":"2026-06-14T15:12:23.312460Z","level":"INFO","fields":{"message":"Config: dest = None (default)"},"filename":"/home/runner/work/xet-core/xet-core/xet_runtime/src/utils/configuration_utils.rs","line_number":53}
{"timestamp":"2026-06-14T15:12:23.312462Z","level":"INFO","fields":{"message":"Config: format = None (default)"},"filename":"/home/runner/work/xet-core/xet-core/xet_runtime/src/utils/configuration_utils.rs","line_number":53}
{"timestamp":"2026-06-14T15:12:23.312465Z","level":"INFO","fields":{"message":"Config: prefix = \"xet\" (default)"},"filename":"/home/runner/work/xet-core/xet-core/xet_runtime/src/utils/configuration_utils.rs","line_number":53}
{"timestamp":"2026-06-14T15:12:23.312468Z","level":"INFO","fields":{"message":"Config: dir_disable_cleanup = false (default)"},"filename":"/home/runner/work/xet-core/xet-core/xet_runtime/src/utils/configuration_utils.rs","line_number":53}
{"timestamp":"2026-06-14T15:12:23.312471Z","level":"INFO","fields":{"message":"Config: dir_max_size = 250MB (default)"},"filename":"/home/runner/work/xet-core/xet-core/xet_runtime/src/utils/configuration_utils.rs","line_number":53}
{"timestamp":"2026-06-14T15:12:23.312474Z","level":"INFO","fields":{"message":"Config: dir_min_deletion_age = 86400s (default)"},"filename":"/home/runner/work/xet-core/xet-core/xet_runtime/src/utils/configuration_utils.rs","line_number":53}
{"timestamp":"2026-06-14T15:12:23.312476Z","level":"INFO","fields":{"message":"Config: dir_max_retention_age = 1209600s (default)"},"filename":"/home/runner/work/xet-core/xet-core/xet_runtime/src/utils/configuration_utils.rs","line_number":53}
{"timestamp":"2026-06-14T15:12:23.312479Z","level":"INFO","fields":{"message":"Config: min_reconstruction_fetch_size = 256MB (default)"},"filename":"/home/runner/work/xet-core/xet-core/xet_runtime/src/utils/configuration_utils.rs","line_number":53}
{"timestamp":"2026-06-14T15:12:23.312482Z","level":"INFO","fields":{"message":"Config: max_reconstruction_fetch_size = 8GB (default)"},"filename":"/home/runner/work/xet-core/xet-core/xet_runtime/src/utils/configuration_utils.rs","line_number":53}
{"timestamp":"2026-06-14T15:12:23.312485Z","level":"INFO","fields":{"message":"Config: download_buffer_size = 2GB (default)"},"filename":"/home/runner/work/xet-core/xet-core/xet_runtime/src/utils/configuration_utils.rs","line_number":53}
{"timestamp":"2026-06-14T15:12:23.312488Z","level":"INFO","fields":{"message":"Config: download_buffer_perfile_size = 512MB (default)"},"filename":"/home/runner/work/xet-core/xet-core/xet_runtime/src/utils/configuration_utils.rs","line_number":53}
{"timestamp":"2026-06-14T15:12:23.312491Z","level":"INFO","fields":{"message":"Config: download_buffer_limit = 8GB (default)"},"filename":"/home/runner/work/xet-core/xet-core/xet_runtime/src/utils/configuration_utils.rs","line_number":53}
{"timestamp":"2026-06-14T15:12:23.312495Z","level":"INFO","fields":{"message":"Config: completion_rate_estimator_half_life = 4.0 (default)"},"filename":"/home/runner/work/xet-core/xet-core/xet_runtime/src/utils/configuration_utils.rs","line_number":53}
{"timestamp":"2026-06-14T15:12:23.312498Z","level":"INFO","fields":{"message":"Config: target_block_completion_time = 900s (default)"},"filename":"/home/runner/work/xet-core/xet-core/xet_runtime/src/utils/configuration_utils.rs","line_number":53}
{"timestamp":"2026-06-14T15:12:23.312501Z","level":"INFO","fields":{"message":"Config: min_prefetch_buffer = 1GB (default)"},"filename":"/home/runner/work/xet-core/xet-core/xet_runtime/src/utils/configuration_utils.rs","line_number":53}
{"timestamp":"2026-06-14T15:12:23.312504Z","level":"INFO","fields":{"message":"Config: use_vectored_write = true (default)"},"filename":"/home/runner/work/xet-core/xet-core/xet_runtime/src/utils/configuration_utils.rs","line_number":53}
{"timestamp":"2026-06-14T15:12:23.312507Z","level":"INFO","fields":{"message":"Config: compression_scheme_retest_interval = 32 (default)"},"filename":"/home/runner/work/xet-core/xet-core/xet_runtime/src/utils/configuration_utils.rs","line_number":53}
{"timestamp":"2026-06-14T15:12:23.312511Z","level":"INFO","fields":{"message":"Config: compression_policy = \"auto\" (default)"},"filename":"/home/runner/work/xet-core/xet-core/xet_runtime/src/utils/config_enum.rs","line_number":174}
{"timestamp":"2026-06-14T15:12:23.312514Z","level":"INFO","fields":{"message":"Config: simulation_max_bytes = None (default)"},"filename":"/home/runner/work/xet-core/xet-core/xet_runtime/src/utils/configuration_utils.rs","line_number":53}
{"timestamp":"2026-06-14T15:12:23.312516Z","level":"INFO","fields":{"message":"Config: simulation_max_chunks = None (default)"},"filename":"/home/runner/work/xet-core/xet-core/xet_runtime/src/utils/configuration_utils.rs","line_number":53}
{"timestamp":"2026-06-14T15:12:23.312523Z","level":"INFO","fields":{"message":"Config: dir_name = \"shard-session\" (default)"},"filename":"/home/runner/work/xet-core/xet-core/xet_runtime/src/utils/configuration_utils.rs","line_number":53}
{"timestamp":"2026-06-14T15:12:23.312526Z","level":"INFO","fields":{"message":"Config: enabled = false (default)"},"filename":"/home/runner/work/xet-core/xet-core/xet_runtime/src/utils/configuration_utils.rs","line_number":53}
{"timestamp":"2026-06-14T15:12:23.312528Z","level":"INFO","fields":{"message":"Config: sample_interval = 5s (default)"},"filename":"/home/runner/work/xet-core/xet-core/xet_runtime/src/utils/configuration_utils.rs","line_number":53}
{"timestamp":"2026-06-14T15:12:23.312531Z","level":"INFO","fields":{"message":"Config: log_path = None (default)"},"filename":"/home/runner/work/xet-core/xet-core/xet_runtime/src/utils/configuration_utils.rs","line_number":53}
{"timestamp":"2026-06-14T15:12:23.312621Z","level":"INFO","fields":{"message":"Using 4 async threads for tokio runtime"},"filename":"/home/runner/work/xet-core/xet-core/xet_runtime/src/core/runtime.rs","line_number":70}
{"timestamp":"2026-06-14T15:12:23.312868Z","level":"INFO","fields":{"message":"Session created, session_id=019ec6b0-e910-7b70-837c-5f74199738fb"},"filename":"/home/runner/work/xet-core/xet-core/xet_pkg/src/xet_session/session.rs","line_number":183}
{"timestamp":"2026-06-14T15:12:23.313017Z","level":"INFO","fields":{"message":"CAS auth disabled","caller":"/home/runner/work/xet-core/xet-core/xet_client/src/common/http_client.rs:166"},"filename":"/home/runner/work/xet-core/xet-core/xet_runtime/src/error_printer/mod.rs","line_number":198}
{"timestamp":"2026-06-14T15:12:23.339494Z","level":"INFO","fields":{"message":"Log Directory Cleanup: found 17.584MB of logs in 133 log files, with 15.586MB in 117 files eligible for deletion."},"filename":"/home/runner/work/xet-core/xet-core/xet_runtime/src/logging/init.rs","line_number":319}
{"timestamp":"2026-06-14T15:12:23.339512Z","level":"INFO","fields":{"message":"Log Directory Cleanup: deleted 0B in 117 files"},"filename":"/home/runner/work/xet-core/xet-core/xet_runtime/src/logging/init.rs","line_number":383}
{"timestamp":"2026-06-14T15:12:23.345822Z","level":"INFO","fields":{"message":"HTTP client configured","idle_timeout":"60s","max_idle_connections":16,"custom_headers":"Some({\"user-agent\": \"unknown/None; hf_hub/1.19.0; python/3.11.15; torch/2.12.0\", \"authorization\": \"[REDACTED]\"})"},"filename":"/home/runner/work/xet-core/xet-core/xet_client/src/common/http_client.rs","line_number":187}
{"timestamp":"2026-06-14T15:12:23.345848Z","level":"INFO","fields":{"message":"Retry strategy","max_attempts":5,"base_delay":"3s","no_retry_on_429":false},"filename":"/home/runner/work/xet-core/xet-core/xet_client/src/cas_client/retry_wrapper.rs","line_number":249}
{"timestamp":"2026-06-14T15:12:23.411025Z","level":"INFO","fields":{"message":"Received CAS response","request_id":"Root=1-6a2ec4d7-61a992b1390c0b1575b8e8c8","status_code":200},"filename":"/home/runner/work/xet-core/xet-core/xet_client/src/common/http_client.rs","line_number":288}
{"timestamp":"2026-06-14T15:12:23.411051Z","level":"INFO","fields":{"message":"Request Success: xet-token api call succeeded (request id Root=1-6a2ec4d7-61a992b1390c0b1575b8e8c8)."},"filename":"/home/runner/work/xet-core/xet-core/xet_client/src/cas_client/retry_wrapper.rs","line_number":210}
{"timestamp":"2026-06-14T15:12:23.411127Z","level":"INFO","fields":{"message":"TranslatorConfig initialized","endpoint":"https://cas-server.xethub.hf.co","session_id":"Some(\"019ec6b0-e973-7093-b716-916436b8bd0c\")","shard_cache":"/home/runner/work/FinAI/FinAI/.hf_cache/xet/https___cas_serv-tGqkUaZf_CBPHQ6h/shard-cache","shard_session":"/home/runner/work/FinAI/FinAI/.hf_cache/xet/https___cas_serv-tGqkUaZf_CBPHQ6h/staging/shard-session"},"filename":"/home/runner/work/xet-core/xet-core/xet_data/src/processing/configurations.rs","line_number":115}
{"timestamp":"2026-06-14T15:12:23.418235Z","level":"INFO","fields":{"message":"HTTP client configured","idle_timeout":"60s","max_idle_connections":16,"custom_headers":"Some({\"user-agent\": \"unknown/None; hf_hub/1.19.0; python/3.11.15; torch/2.12.0; hf_xet/1.5.1\"})"},"filename":"/home/runner/work/xet-core/xet-core/xet_client/src/common/http_client.rs","line_number":187}
{"timestamp":"2026-06-14T15:12:23.418254Z","level":"INFO","fields":{"message":"CAS auth disabled","caller":"/home/runner/work/xet-core/xet-core/xet_client/src/common/http_client.rs:166"},"filename":"/home/runner/work/xet-core/xet-core/xet_runtime/src/error_printer/mod.rs","line_number":198}
{"timestamp":"2026-06-14T15:12:23.418260Z","level":"INFO","fields":{"message":"HTTP client configured","idle_timeout":"60s","max_idle_connections":16,"custom_headers":"Some({\"user-agent\": \"unknown/None; hf_hub/1.19.0; python/3.11.15; torch/2.12.0; hf_xet/1.5.1\"})"},"filename":"/home/runner/work/xet-core/xet-core/xet_client/src/common/http_client.rs","line_number":187}
{"timestamp":"2026-06-14T15:12:23.424877Z","level":"INFO","fields":{"message":"No-read-timeout HTTP client configured (for shard uploads)","connect_timeout":"60s"},"filename":"/home/runner/work/xet-core/xet-core/xet_client/src/common/http_client.rs","line_number":136}
{"timestamp":"2026-06-14T15:12:23.424895Z","level":"INFO","fields":{"message":"Initializing Adaptive Concurrency Controller for upload with starting concurrency = 2; min = 1, max = 64, min_bytes_for_adjustment = 20000000, min_completed_transmissions_for_adjustment = 1"},"filename":"/home/runner/work/xet-core/xet-core/xet_client/src/cas_client/adaptive_concurrency/controller.rs","line_number":301}
{"timestamp":"2026-06-14T15:12:23.424901Z","level":"INFO","fields":{"message":"Initializing Adaptive Concurrency Controller for download with starting concurrency = 4; min = 1, max = 64, min_bytes_for_adjustment = 20000000, min_completed_transmissions_for_adjustment = 1"},"filename":"/home/runner/work/xet-core/xet-core/xet_client/src/cas_client/adaptive_concurrency/controller.rs","line_number":301}
{"timestamp":"2026-06-14T15:12:23.424957Z","level":"INFO","fields":{"message":"New file download group, session_id=019ec6b0-e910-7b70-837c-5f74199738fb, group_id=1"},"filename":"/home/runner/work/xet-core/xet-core/xet_pkg/src/xet_session/file_download_group.rs","line_number":61}
{"timestamp":"2026-06-14T15:12:23.425057Z","level":"INFO","fields":{"message":"Download file to path","group_id":"1","dest_path":"\"/home/runner/work/FinAI/FinAI/temp_download/.cache/huggingface/download/checkpoint/rNddXgFQCB-xZSeXgBkzweEA8Qg=.03e4475cb94274befe0ff9c691b42df7ad2c726b169d4f181371cbeb0b4bc964.033bbd79.incomplete\"","hash":"ddff6dff3ee02ed60d57a3fef5a3df80dcd1ce864d1c2b773dfc34bc9e33d121"},"filename":"/home/runner/work/xet-core/xet-core/xet_pkg/src/xet_session/file_download_group.rs","line_number":287}
{"timestamp":"2026-06-14T15:12:23.425140Z","level":"INFO","fields":{"message":"Reconstructing file to disk","file_hash":"ddff6dff3ee02ed60d57a3fef5a3df80dcd1ce864d1c2b773dfc34bc9e33d121","byte_range":"None","path":"/home/runner/work/FinAI/FinAI/temp_download/.cache/huggingface/download/checkpoint/rNddXgFQCB-xZSeXgBkzweEA8Qg=.03e4475cb94274befe0ff9c691b42df7ad2c726b169d4f181371cbeb0b4bc964.033bbd79.incomplete","write_offset":"None"},"filename":"/home/runner/work/xet-core/xet-core/xet_data/src/file_reconstruction/file_reconstructor.rs","line_number":121}
{"timestamp":"2026-06-14T15:12:23.425200Z","level":"INFO","fields":{"message":"Scheduling prefetch block","file_hash":"ddff6dff3ee02ed60d57a3fef5a3df80dcd1ce864d1c2b773dfc34bc9e33d121","prefetch_range":"(0, 256000000)","requested_block_size":256000000,"actual_block_size":256000000,"queue_depth":1},"filename":"/home/runner/work/xet-core/xet-core/xet_data/src/file_reconstruction/reconstruction_terms/manager.rs","line_number":272}
{"timestamp":"2026-06-14T15:12:23.425216Z","level":"INFO","fields":{"message":"Scheduling prefetch block","file_hash":"ddff6dff3ee02ed60d57a3fef5a3df80dcd1ce864d1c2b773dfc34bc9e33d121","prefetch_range":"(256000000, 768000000)","requested_block_size":512000000,"actual_block_size":512000000,"queue_depth":2},"filename":"/home/runner/work/xet-core/xet-core/xet_data/src/file_reconstruction/reconstruction_terms/manager.rs","line_number":272}
{"timestamp":"2026-06-14T15:12:23.425231Z","level":"INFO","fields":{"message":"Scheduling prefetch block","file_hash":"ddff6dff3ee02ed60d57a3fef5a3df80dcd1ce864d1c2b773dfc34bc9e33d121","prefetch_range":"(768000000, 1024000000)","requested_block_size":256000000,"actual_block_size":256000000,"queue_depth":3},"filename":"/home/runner/work/xet-core/xet-core/xet_data/src/file_reconstruction/reconstruction_terms/manager.rs","line_number":272}
{"timestamp":"2026-06-14T15:12:23.425246Z","level":"INFO","fields":{"message":"Download group finish","group_id":"1"},"filename":"/home/runner/work/xet-core/xet-core/xet_pkg/src/xet_session/file_download_group.rs","line_number":306}
{"timestamp":"2026-06-14T15:12:23.425253Z","level":"INFO","fields":{"message":"Starting get_reconstruction API call","call_id":1,"file_id":"ddff6dff3ee02ed60d57a3fef5a3df80dcd1ce864d1c2b773dfc34bc9e33d121","bytes_range":"Some(Range { start: 768000000, end: 1024000000 })","api_version":"v2"},"filename":"/home/runner/work/xet-core/xet-core/xet_client/src/cas_client/remote_client.rs","line_number":210}
{"timestamp":"2026-06-14T15:12:23.425261Z","level":"INFO","fields":{"message":"Retry strategy","max_attempts":5,"base_delay":"3s","no_retry_on_429":false},"filename":"/home/runner/work/xet-core/xet-core/xet_client/src/cas_client/retry_wrapper.rs","line_number":249}
{"timestamp":"2026-06-14T15:12:23.425261Z","level":"INFO","fields":{"message":"Starting get_reconstruction API call","call_id":2,"file_id":"ddff6dff3ee02ed60d57a3fef5a3df80dcd1ce864d1c2b773dfc34bc9e33d121","bytes_range":"Some(Range { start: 0, end: 256000000 })","api_version":"v2"},"filename":"/home/runner/work/xet-core/xet-core/xet_client/src/cas_client/remote_client.rs","line_number":210}
{"timestamp":"2026-06-14T15:12:23.425268Z","level":"INFO","fields":{"message":"Retry strategy","max_attempts":5,"base_delay":"3s","no_retry_on_429":false},"filename":"/home/runner/work/xet-core/xet-core/xet_client/src/cas_client/retry_wrapper.rs","line_number":249}
{"timestamp":"2026-06-14T15:12:23.425367Z","level":"INFO","fields":{"message":"Starting get_reconstruction API call","call_id":3,"file_id":"ddff6dff3ee02ed60d57a3fef5a3df80dcd1ce864d1c2b773dfc34bc9e33d121","bytes_range":"Some(Range { start: 256000000, end: 768000000 })","api_version":"v2"},"filename":"/home/runner/work/xet-core/xet-core/xet_client/src/cas_client/remote_client.rs","line_number":210}
{"timestamp":"2026-06-14T15:12:23.425378Z","level":"INFO","fields":{"message":"Retry strategy","max_attempts":5,"base_delay":"3s","no_retry_on_429":false},"filename":"/home/runner/work/xet-core/xet-core/xet_client/src/cas_client/retry_wrapper.rs","line_number":249}
{"timestamp":"2026-06-14T15:12:23.634775Z","level":"INFO","fields":{"message":"CAS auth disabled","caller":"/home/runner/work/xet-core/xet-core/xet_client/src/common/http_client.rs:166"},"filename":"/home/runner/work/xet-core/xet-core/xet_runtime/src/error_printer/mod.rs","line_number":198}
{"timestamp":"2026-06-14T15:12:23.641395Z","level":"INFO","fields":{"message":"HTTP client configured","idle_timeout":"60s","max_idle_connections":16,"custom_headers":"Some({\"user-agent\": \"unknown/None; hf_hub/1.19.0; python/3.11.15; torch/2.12.0\", \"authorization\": \"[REDACTED]\"})"},"filename":"/home/runner/work/xet-core/xet-core/xet_client/src/common/http_client.rs","line_number":187}
{"timestamp":"2026-06-14T15:12:23.641414Z","level":"INFO","fields":{"message":"Retry strategy","max_attempts":5,"base_delay":"3s","no_retry_on_429":false},"filename":"/home/runner/work/xet-core/xet-core/xet_client/src/cas_client/retry_wrapper.rs","line_number":249}
{"timestamp":"2026-06-14T15:12:23.674195Z","level":"INFO","fields":{"message":"Received CAS response","request_id":"Root=1-6a2ec4d7-13a338525de3b52e02d0a7f5","status_code":200},"filename":"/home/runner/work/xet-core/xet-core/xet_client/src/common/http_client.rs","line_number":288}
{"timestamp":"2026-06-14T15:12:23.674211Z","level":"INFO","fields":{"message":"Request Success: xet-token api call succeeded (request id Root=1-6a2ec4d7-13a338525de3b52e02d0a7f5)."},"filename":"/home/runner/work/xet-core/xet-core/xet_client/src/cas_client/retry_wrapper.rs","line_number":210}
{"timestamp":"2026-06-14T15:12:23.674274Z","level":"INFO","fields":{"message":"TranslatorConfig initialized","endpoint":"https://cas-server.xethub.hf.co","session_id":"Some(\"019ec6b0-ea7a-7c11-b4ce-9c5180a1889d\")","shard_cache":"/home/runner/work/FinAI/FinAI/.hf_cache/xet/https___cas_serv-tGqkUaZf_CBPHQ6h/shard-cache","shard_session":"/home/runner/work/FinAI/FinAI/.hf_cache/xet/https___cas_serv-tGqkUaZf_CBPHQ6h/staging/shard-session"},"filename":"/home/runner/work/xet-core/xet-core/xet_data/src/processing/configurations.rs","line_number":115}
{"timestamp":"2026-06-14T15:12:23.680835Z","level":"INFO","fields":{"message":"HTTP client configured","idle_timeout":"60s","max_idle_connections":16,"custom_headers":"Some({\"user-agent\": \"unknown/None; hf_hub/1.19.0; python/3.11.15; torch/2.12.0; hf_xet/1.5.1\"})"},"filename":"/home/runner/work/xet-core/xet-core/xet_client/src/common/http_client.rs","line_number":187}
{"timestamp":"2026-06-14T15:12:23.680851Z","level":"INFO","fields":{"message":"CAS auth disabled","caller":"/home/runner/work/xet-core/xet-core/xet_client/src/common/http_client.rs:166"},"filename":"/home/runner/work/xet-core/xet-core/xet_runtime/src/error_printer/mod.rs","line_number":198}
{"timestamp":"2026-06-14T15:12:23.680855Z","level":"INFO","fields":{"message":"HTTP client configured","idle_timeout":"60s","max_idle_connections":16,"custom_headers":"Some({\"user-agent\": \"unknown/None; hf_hub/1.19.0; python/3.11.15; torch/2.12.0; hf_xet/1.5.1\"})"},"filename":"/home/runner/work/xet-core/xet-core/xet_client/src/common/http_client.rs","line_number":187}
{"timestamp":"2026-06-14T15:12:23.687092Z","level":"INFO","fields":{"message":"No-read-timeout HTTP client configured (for shard uploads)","connect_timeout":"60s"},"filename":"/home/runner/work/xet-core/xet-core/xet_client/src/common/http_client.rs","line_number":136}
{"timestamp":"2026-06-14T15:12:23.687103Z","level":"INFO","fields":{"message":"Initializing Adaptive Concurrency Controller for upload with starting concurrency = 2; min = 1, max = 64, min_bytes_for_adjustment = 20000000, min_completed_transmissions_for_adjustment = 1"},"filename":"/home/runner/work/xet-core/xet-core/xet_client/src/cas_client/adaptive_concurrency/controller.rs","line_number":301}
{"timestamp":"2026-06-14T15:12:23.687108Z","level":"INFO","fields":{"message":"Initializing Adaptive Concurrency Controller for download with starting concurrency = 4; min = 1, max = 64, min_bytes_for_adjustment = 20000000, min_completed_transmissions_for_adjustment = 1"},"filename":"/home/runner/work/xet-core/xet-core/xet_client/src/cas_client/adaptive_concurrency/controller.rs","line_number":301}
{"timestamp":"2026-06-14T15:12:23.687154Z","level":"INFO","fields":{"message":"New file download group, session_id=019ec6b0-e910-7b70-837c-5f74199738fb, group_id=3"},"filename":"/home/runner/work/xet-core/xet-core/xet_pkg/src/xet_session/file_download_group.rs","line_number":61}
{"timestamp":"2026-06-14T15:12:23.687227Z","level":"INFO","fields":{"message":"Download file to path","group_id":"3","dest_path":"\"/home/runner/work/FinAI/FinAI/temp_download/.cache/huggingface/download/checkpoint/xGOKKLRSlIhH692hSVvI1-gpoa8=.7208721c79b8c0fb7b4de5cf836e2b6801b82d91e6fe8c1915deb9da03f940f6.02bb98b3.incomplete\"","hash":"681ca60c86485bb21a68f11285e31b17b2025b2cdd1fd2b51717f7f726792cfc"},"filename":"/home/runner/work/xet-core/xet-core/xet_pkg/src/xet_session/file_download_group.rs","line_number":287}
{"timestamp":"2026-06-14T15:12:23.687302Z","level":"INFO","fields":{"message":"Reconstructing file to disk","file_hash":"681ca60c86485bb21a68f11285e31b17b2025b2cdd1fd2b51717f7f726792cfc","byte_range":"None","path":"/home/runner/work/FinAI/FinAI/temp_download/.cache/huggingface/download/checkpoint/xGOKKLRSlIhH692hSVvI1-gpoa8=.7208721c79b8c0fb7b4de5cf836e2b6801b82d91e6fe8c1915deb9da03f940f6.02bb98b3.incomplete","write_offset":"None"},"filename":"/home/runner/work/xet-core/xet-core/xet_data/src/file_reconstruction/file_reconstructor.rs","line_number":121}
{"timestamp":"2026-06-14T15:12:23.687367Z","level":"INFO","fields":{"message":"Download group finish","group_id":"3"},"filename":"/home/runner/work/xet-core/xet-core/xet_pkg/src/xet_session/file_download_group.rs","line_number":306}
{"timestamp":"2026-06-14T15:12:23.687375Z","level":"INFO","fields":{"message":"Scheduling prefetch block","file_hash":"681ca60c86485bb21a68f11285e31b17b2025b2cdd1fd2b51717f7f726792cfc","prefetch_range":"(0, 256000000)","requested_block_size":256000000,"actual_block_size":256000000,"queue_depth":1},"filename":"/home/runner/work/xet-core/xet-core/xet_data/src/file_reconstruction/reconstruction_terms/manager.rs","line_number":272}
{"timestamp":"2026-06-14T15:12:23.687388Z","level":"INFO","fields":{"message":"Scheduling prefetch block","file_hash":"681ca60c86485bb21a68f11285e31b17b2025b2cdd1fd2b51717f7f726792cfc","prefetch_range":"(256000000, 768000000)","requested_block_size":512000000,"actual_block_size":512000000,"queue_depth":2},"filename":"/home/runner/work/xet-core/xet-core/xet_data/src/file_reconstruction/reconstruction_terms/manager.rs","line_number":272}
{"timestamp":"2026-06-14T15:12:23.687396Z","level":"INFO","fields":{"message":"Scheduling prefetch block","file_hash":"681ca60c86485bb21a68f11285e31b17b2025b2cdd1fd2b51717f7f726792cfc","prefetch_range":"(768000000, 1024000000)","requested_block_size":256000000,"actual_block_size":256000000,"queue_depth":3},"filename":"/home/runner/work/xet-core/xet-core/xet_data/src/file_reconstruction/reconstruction_terms/manager.rs","line_number":272}
{"timestamp":"2026-06-14T15:12:23.687420Z","level":"INFO","fields":{"message":"Starting get_reconstruction API call","call_id":4,"file_id":"681ca60c86485bb21a68f11285e31b17b2025b2cdd1fd2b51717f7f726792cfc","bytes_range":"Some(Range { start: 768000000, end: 1024000000 })","api_version":"v2"},"filename":"/home/runner/work/xet-core/xet-core/xet_client/src/cas_client/remote_client.rs","line_number":210}
{"timestamp":"2026-06-14T15:12:23.687424Z","level":"INFO","fields":{"message":"Starting get_reconstruction API call","call_id":5,"file_id":"681ca60c86485bb21a68f11285e31b17b2025b2cdd1fd2b51717f7f726792cfc","bytes_range":"Some(Range { start: 0, end: 256000000 })","api_version":"v2"},"filename":"/home/runner/work/xet-core/xet-core/xet_client/src/cas_client/remote_client.rs","line_number":210}
{"timestamp":"2026-06-14T15:12:23.687432Z","level":"INFO","fields":{"message":"Starting get_reconstruction API call","call_id":6,"file_id":"681ca60c86485bb21a68f11285e31b17b2025b2cdd1fd2b51717f7f726792cfc","bytes_range":"Some(Range { start: 256000000, end: 768000000 })","api_version":"v2"},"filename":"/home/runner/work/xet-core/xet-core/xet_client/src/cas_client/remote_client.rs","line_number":210}
{"timestamp":"2026-06-14T15:12:23.687437Z","level":"INFO","fields":{"message":"Retry strategy","max_attempts":5,"base_delay":"3s","no_retry_on_429":false},"filename":"/home/runner/work/xet-core/xet-core/xet_client/src/cas_client/retry_wrapper.rs","line_number":249}
{"timestamp":"2026-06-14T15:12:23.687442Z","level":"INFO","fields":{"message":"Retry strategy","max_attempts":5,"base_delay":"3s","no_retry_on_429":false},"filename":"/home/runner/work/xet-core/xet-core/xet_client/src/cas_client/retry_wrapper.rs","line_number":249}
{"timestamp":"2026-06-14T15:12:23.687449Z","level":"INFO","fields":{"message":"Retry strategy","max_attempts":5,"base_delay":"3s","no_retry_on_429":false},"filename":"/home/runner/work/xet-core/xet-core/xet_client/src/cas_client/retry_wrapper.rs","line_number":249}
{"timestamp":"2026-06-14T15:13:23.426196Z","level":"WARN","fields":{"message":"Request error","err":"Reqwest(reqwest::Error { kind: Request, url: \"https://cas-server.xethub.hf.co/v2/reconstructions/ddff6dff3ee02ed60d57a3fef5a3df80dcd1ce864d1c2b773dfc34bc9e33d121\", source: hyper_util::client::legacy::Error(Connect, TimedOut) })"},"filename":"/home/runner/work/xet-core/xet-core/xet_client/src/common/http_client.rs","line_number":291}
{"timestamp":"2026-06-14T15:13:23.426233Z","level":"INFO","fields":{"message":"Connection attempt 1/5","api":"cas::get_reconstruction_v2"},"filename":"/home/runner/work/xet-core/xet-core/xet_client/src/cas_client/retry_wrapper.rs","line_number":116}
{"timestamp":"2026-06-14T15:13:23.426235Z","level":"WARN","fields":{"message":"Request error","err":"Reqwest(reqwest::Error { kind: Request, url: \"https://cas-server.xethub.hf.co/v2/reconstructions/ddff6dff3ee02ed60d57a3fef5a3df80dcd1ce864d1c2b773dfc34bc9e33d121\", source: hyper_util::client::legacy::Error(Connect, TimedOut) })"},"filename":"/home/runner/work/xet-core/xet-core/xet_client/src/common/http_client.rs","line_number":291}
{"timestamp":"2026-06-14T15:13:23.426250Z","level":"INFO","fields":{"message":"Connection attempt 1/5","api":"cas::get_reconstruction_v2"},"filename":"/home/runner/work/xet-core/xet-core/xet_client/src/cas_client/retry_wrapper.rs","line_number":116}
{"timestamp":"2026-06-14T15:13:23.426238Z","level":"INFO","fields":{"message":"Retryable Client Error: cas::get_reconstruction_v2 api call failed: error sending request for url (https://cas-server.xethub.hf.co/v2/reconstructions/ddff6dff3ee02ed60d57a3fef5a3df80dcd1ce864d1c2b773dfc34bc9e33d121)"},"filename":"/home/runner/work/xet-core/xet-core/xet_client/src/cas_client/retry_wrapper.rs","line_number":119}
{"timestamp":"2026-06-14T15:13:23.426251Z","level":"WARN","fields":{"message":"Request error","err":"Reqwest(reqwest::Error { kind: Request, url: \"https://cas-server.xethub.hf.co/v2/reconstructions/ddff6dff3ee02ed60d57a3fef5a3df80dcd1ce864d1c2b773dfc34bc9e33d121\", source: hyper_util::client::legacy::Error(Connect, TimedOut) })"},"filename":"/home/runner/work/xet-core/xet-core/xet_client/src/common/http_client.rs","line_number":291}
{"timestamp":"2026-06-14T15:13:23.426254Z","level":"INFO","fields":{"message":"Retryable Client Error: cas::get_reconstruction_v2 api call failed: error sending request for url (https://cas-server.xethub.hf.co/v2/reconstructions/ddff6dff3ee02ed60d57a3fef5a3df80dcd1ce864d1c2b773dfc34bc9e33d121)"},"filename":"/home/runner/work/xet-core/xet-core/xet_client/src/cas_client/retry_wrapper.rs","line_number":119}
{"timestamp":"2026-06-14T15:13:23.426261Z","level":"INFO","fields":{"message":"Connection attempt 1/5","api":"cas::get_reconstruction_v2"},"filename":"/home/runner/work/xet-core/xet-core/xet_client/src/cas_client/retry_wrapper.rs","line_number":116}
{"timestamp":"2026-06-14T15:13:23.426264Z","level":"INFO","fields":{"message":"Retryable Client Error: cas::get_reconstruction_v2 api call failed: error sending request for url (https://cas-server.xethub.hf.co/v2/reconstructions/ddff6dff3ee02ed60d57a3fef5a3df80dcd1ce864d1c2b773dfc34bc9e33d121)"},"filename":"/home/runner/work/xet-core/xet-core/xet_client/src/cas_client/retry_wrapper.rs","line_number":119}
{"timestamp":"2026-06-14T15:13:23.688009Z","level":"WARN","fields":{"message":"Request error","err":"Reqwest(reqwest::Error { kind: Request, url: \"https://cas-server.xethub.hf.co/v2/reconstructions/681ca60c86485bb21a68f11285e31b17b2025b2cdd1fd2b51717f7f726792cfc\", source: hyper_util::client::legacy::Error(Connect, TimedOut) })"},"filename":"/home/runner/work/xet-core/xet-core/xet_client/src/common/http_client.rs","line_number":291}
{"timestamp":"2026-06-14T15:13:23.688009Z","level":"WARN","fields":{"message":"Request error","err":"Reqwest(reqwest::Error { kind: Request, url: \"https://cas-server.xethub.hf.co/v2/reconstructions/681ca60c86485bb21a68f11285e31b17b2025b2cdd1fd2b51717f7f726792cfc\", source: hyper_util::client::legacy::Error(Connect, TimedOut) })"},"filename":"/home/runner/work/xet-core/xet-core/xet_client/src/common/http_client.rs","line_number":291}
{"timestamp":"2026-06-14T15:13:23.688048Z","level":"INFO","fields":{"message":"Connection attempt 1/5","api":"cas::get_reconstruction_v2"},"filename":"/home/runner/work/xet-core/xet-core/xet_client/src/cas_client/retry_wrapper.rs","line_number":116}
{"timestamp":"2026-06-14T15:13:23.688052Z","level":"INFO","fields":{"message":"Connection attempt 1/5","api":"cas::get_reconstruction_v2"},"filename":"/home/runner/work/xet-core/xet-core/xet_client/src/cas_client/retry_wrapper.rs","line_number":116}
{"timestamp":"2026-06-14T15:13:23.688053Z","level":"INFO","fields":{"message":"Retryable Client Error: cas::get_reconstruction_v2 api call failed: error sending request for url (https://cas-server.xethub.hf.co/v2/reconstructions/681ca60c86485bb21a68f11285e31b17b2025b2cdd1fd2b51717f7f726792cfc)"},"filename":"/home/runner/work/xet-core/xet-core/xet_client/src/cas_client/retry_wrapper.rs","line_number":119}
{"timestamp":"2026-06-14T15:13:23.688055Z","level":"INFO","fields":{"message":"Retryable Client Error: cas::get_reconstruction_v2 api call failed: error sending request for url (https://cas-server.xethub.hf.co/v2/reconstructions/681ca60c86485bb21a68f11285e31b17b2025b2cdd1fd2b51717f7f726792cfc)"},"filename":"/home/runner/work/xet-core/xet-core/xet_client/src/cas_client/retry_wrapper.rs","line_number":119}
{"timestamp":"2026-06-14T15:13:23.688061Z","level":"WARN","fields":{"message":"Request error","err":"Reqwest(reqwest::Error { kind: Request, url: \"https://cas-server.xethub.hf.co/v2/reconstructions/681ca60c86485bb21a68f11285e31b17b2025b2cdd1fd2b51717f7f726792cfc\", source: hyper_util::client::legacy::Error(Connect, TimedOut) })"},"filename":"/home/runner/work/xet-core/xet-core/xet_client/src/common/http_client.rs","line_number":291}
{"timestamp":"2026-06-14T15:13:23.688073Z","level":"INFO","fields":{"message":"Connection attempt 1/5","api":"cas::get_reconstruction_v2"},"filename":"/home/runner/work/xet-core/xet-core/xet_client/src/cas_client/retry_wrapper.rs","line_number":116}
{"timestamp":"2026-06-14T15:13:23.688076Z","level":"INFO","fields":{"message":"Retryable Client Error: cas::get_reconstruction_v2 api call failed: error sending request for url (https://cas-server.xethub.hf.co/v2/reconstructions/681ca60c86485bb21a68f11285e31b17b2025b2cdd1fd2b51717f7f726792cfc)"},"filename":"/home/runner/work/xet-core/xet-core/xet_client/src/cas_client/retry_wrapper.rs","line_number":119}
{"timestamp":"2026-06-14T15:14:23.429675Z","level":"WARN","fields":{"message":"Request error","err":"Reqwest(reqwest::Error { kind: Request, url: \"https://cas-server.xethub.hf.co/v2/reconstructions/ddff6dff3ee02ed60d57a3fef5a3df80dcd1ce864d1c2b773dfc34bc9e33d121\", source: hyper_util::client::legacy::Error(Connect, TimedOut) })"},"filename":"/home/runner/work/xet-core/xet-core/xet_client/src/common/http_client.rs","line_number":291}
{"timestamp":"2026-06-14T15:14:23.429707Z","level":"INFO","fields":{"message":"Connection attempt 2/5","api":"cas::get_reconstruction_v2"},"filename":"/home/runner/work/xet-core/xet-core/xet_client/src/cas_client/retry_wrapper.rs","line_number":116}
{"timestamp":"2026-06-14T15:14:23.429711Z","level":"INFO","fields":{"message":"Retryable Client Error: cas::get_reconstruction_v2 api call failed (retry 1): error sending request for url (https://cas-server.xethub.hf.co/v2/reconstructions/ddff6dff3ee02ed60d57a3fef5a3df80dcd1ce864d1c2b773dfc34bc9e33d121)"},"filename":"/home/runner/work/xet-core/xet-core/xet_client/src/cas_client/retry_wrapper.rs","line_number":119}
{"timestamp":"2026-06-14T15:14:23.919442Z","level":"WARN","fields":{"message":"Request error","err":"Reqwest(reqwest::Error { kind: Request, url: \"https://cas-server.xethub.hf.co/v2/reconstructions/681ca60c86485bb21a68f11285e31b17b2025b2cdd1fd2b51717f7f726792cfc\", source: hyper_util::client::legacy::Error(Connect, TimedOut) })"},"filename":"/home/runner/work/xet-core/xet-core/xet_client/src/common/http_client.rs","line_number":291}
{"timestamp":"2026-06-14T15:14:23.919470Z","level":"INFO","fields":{"message":"Connection attempt 2/5","api":"cas::get_reconstruction_v2"},"filename":"/home/runner/work/xet-core/xet-core/xet_client/src/cas_client/retry_wrapper.rs","line_number":116}
{"timestamp":"2026-06-14T15:14:23.919474Z","level":"INFO","fields":{"message":"Retryable Client Error: cas::get_reconstruction_v2 api call failed (retry 1): error sending request for url (https://cas-server.xethub.hf.co/v2/reconstructions/681ca60c86485bb21a68f11285e31b17b2025b2cdd1fd2b51717f7f726792cfc)"},"filename":"/home/runner/work/xet-core/xet-core/xet_client/src/cas_client/retry_wrapper.rs","line_number":119}
{"timestamp":"2026-06-14T15:14:24.463228Z","level":"WARN","fields":{"message":"Request error","err":"Reqwest(reqwest::Error { kind: Request, url: \"https://cas-server.xethub.hf.co/v2/reconstructions/681ca60c86485bb21a68f11285e31b17b2025b2cdd1fd2b51717f7f726792cfc\", source: hyper_util::client::legacy::Error(Connect, TimedOut) })"},"filename":"/home/runner/work/xet-core/xet-core/xet_client/src/common/http_client.rs","line_number":291}
{"timestamp":"2026-06-14T15:14:24.463259Z","level":"INFO","fields":{"message":"Connection attempt 2/5","api":"cas::get_reconstruction_v2"},"filename":"/home/runner/work/xet-core/xet-core/xet_client/src/cas_client/retry_wrapper.rs","line_number":116}
{"timestamp":"2026-06-14T15:14:24.463263Z","level":"INFO","fields":{"message":"Retryable Client Error: cas::get_reconstruction_v2 api call failed (retry 1): error sending request for url (https://cas-server.xethub.hf.co/v2/reconstructions/681ca60c86485bb21a68f11285e31b17b2025b2cdd1fd2b51717f7f726792cfc)"},"filename":"/home/runner/work/xet-core/xet-core/xet_client/src/cas_client/retry_wrapper.rs","line_number":119}
{"timestamp":"2026-06-14T15:14:24.984025Z","level":"WARN","fields":{"message":"Request error","err":"Reqwest(reqwest::Error { kind: Request, url: \"https://cas-server.xethub.hf.co/v2/reconstructions/681ca60c86485bb21a68f11285e31b17b2025b2cdd1fd2b51717f7f726792cfc\", source: hyper_util::client::legacy::Error(Connect, TimedOut) })"},"filename":"/home/runner/work/xet-core/xet-core/xet_client/src/common/http_client.rs","line_number":291}
{"timestamp":"2026-06-14T15:14:24.984056Z","level":"INFO","fields":{"message":"Connection attempt 2/5","api":"cas::get_reconstruction_v2"},"filename":"/home/runner/work/xet-core/xet-core/xet_client/src/cas_client/retry_wrapper.rs","line_number":116}
{"timestamp":"2026-06-14T15:14:24.984060Z","level":"INFO","fields":{"message":"Retryable Client Error: cas::get_reconstruction_v2 api call failed (retry 1): error sending request for url (https://cas-server.xethub.hf.co/v2/reconstructions/681ca60c86485bb21a68f11285e31b17b2025b2cdd1fd2b51717f7f726792cfc)"},"filename":"/home/runner/work/xet-core/xet-core/xet_client/src/cas_client/retry_wrapper.rs","line_number":119}
{"timestamp":"2026-06-14T15:14:26.336698Z","level":"WARN","fields":{"message":"Request error","err":"Reqwest(reqwest::Error { kind: Request, url: \"https://cas-server.xethub.hf.co/v2/reconstructions/ddff6dff3ee02ed60d57a3fef5a3df80dcd1ce864d1c2b773dfc34bc9e33d121\", source: hyper_util::client::legacy::Error(Connect, TimedOut) })"},"filename":"/home/runner/work/xet-core/xet-core/xet_client/src/common/http_client.rs","line_number":291}
{"timestamp":"2026-06-14T15:14:26.336728Z","level":"INFO","fields":{"message":"Connection attempt 2/5","api":"cas::get_reconstruction_v2"},"filename":"/home/runner/work/xet-core/xet-core/xet_client/src/cas_client/retry_wrapper.rs","line_number":116}
{"timestamp":"2026-06-14T15:14:26.336732Z","level":"INFO","fields":{"message":"Retryable Client Error: cas::get_reconstruction_v2 api call failed (retry 1): error sending request for url (https://cas-server.xethub.hf.co/v2/reconstructions/ddff6dff3ee02ed60d57a3fef5a3df80dcd1ce864d1c2b773dfc34bc9e33d121)"},"filename":"/home/runner/work/xet-core/xet-core/xet_client/src/cas_client/retry_wrapper.rs","line_number":119}
{"timestamp":"2026-06-14T15:14:26.363894Z","level":"WARN","fields":{"message":"Request error","err":"Reqwest(reqwest::Error { kind: Request, url: \"https://cas-server.xethub.hf.co/v2/reconstructions/ddff6dff3ee02ed60d57a3fef5a3df80dcd1ce864d1c2b773dfc34bc9e33d121\", source: hyper_util::client::legacy::Error(Connect, TimedOut) })"},"filename":"/home/runner/work/xet-core/xet-core/xet_client/src/common/http_client.rs","line_number":291}
{"timestamp":"2026-06-14T15:14:26.363948Z","level":"INFO","fields":{"message":"Connection attempt 2/5","api":"cas::get_reconstruction_v2"},"filename":"/home/runner/work/xet-core/xet-core/xet_client/src/cas_client/retry_wrapper.rs","line_number":116}
{"timestamp":"2026-06-14T15:14:26.363952Z","level":"INFO","fields":{"message":"Retryable Client Error: cas::get_reconstruction_v2 api call failed (retry 1): error sending request for url (https://cas-server.xethub.hf.co/v2/reconstructions/ddff6dff3ee02ed60d57a3fef5a3df80dcd1ce864d1c2b773dfc34bc9e33d121)"},"filename":"/home/runner/work/xet-core/xet-core/xet_client/src/cas_client/retry_wrapper.rs","line_number":119}
{"timestamp":"2026-06-14T15:54:49.921155Z","level":"INFO","fields":{"message":"Retry strategy","max_attempts":5,"base_delay":"3s","no_retry_on_429":false},"filename":"/home/runner/work/xet-core/xet-core/xet_client/src/cas_client/retry_wrapper.rs","line_number":249}
{"timestamp":"2026-06-14T15:54:49.976628Z","level":"INFO","fields":{"message":"Received CAS response","request_id":"Root=1-6a2ecec9-2a4a73b67f94042013b4352b","status_code":200},"filename":"/home/runner/work/xet-core/xet-core/xet_client/src/common/http_client.rs","line_number":288}
{"timestamp":"2026-06-14T15:54:49.976652Z","level":"INFO","fields":{"message":"Request Success: xet-token api call succeeded (request id Root=1-6a2ecec9-2a4a73b67f94042013b4352b)."},"filename":"/home/runner/work/xet-core/xet-core/xet_client/src/cas_client/retry_wrapper.rs","line_number":210}
{"timestamp":"2026-06-14T15:54:49.976670Z","level":"INFO","fields":{"message":"Token refreshed","new_expiry":1781453389},"filename":"/home/runner/work/xet-core/xet-core/xet_client/src/cas_client/auth.rs","line_number":208}
{"timestamp":"2026-06-14T15:55:49.978243Z","level":"WARN","fields":{"message":"Request error","err":"Reqwest(reqwest::Error { kind: Request, url: \"https://cas-server.xethub.hf.co/v2/reconstructions/681ca60c86485bb21a68f11285e31b17b2025b2cdd1fd2b51717f7f726792cfc\", source: hyper_util::client::legacy::Error(Connect, TimedOut) })"},"filename":"/home/runner/work/xet-core/xet-core/xet_client/src/common/http_client.rs","line_number":291}
{"timestamp":"2026-06-14T15:55:49.978272Z","level":"INFO","fields":{"message":"Connection attempt 3/5","api":"cas::get_reconstruction_v2"},"filename":"/home/runner/work/xet-core/xet-core/xet_client/src/cas_client/retry_wrapper.rs","line_number":116}
{"timestamp":"2026-06-14T15:55:49.978276Z","level":"INFO","fields":{"message":"Retryable Client Error: cas::get_reconstruction_v2 api call failed (retry 2): error sending request for url (https://cas-server.xethub.hf.co/v2/reconstructions/681ca60c86485bb21a68f11285e31b17b2025b2cdd1fd2b51717f7f726792cfc)"},"filename":"/home/runner/work/xet-core/xet-core/xet_client/src/cas_client/retry_wrapper.rs","line_number":119}
{"timestamp":"2026-06-14T16:18:27.924858Z","level":"INFO","fields":{"message":"Retry strategy","max_attempts":5,"base_delay":"3s","no_retry_on_429":false},"filename":"/home/runner/work/xet-core/xet-core/xet_client/src/cas_client/retry_wrapper.rs","line_number":249}
{"timestamp":"2026-06-14T16:18:28.016952Z","level":"INFO","fields":{"message":"Received CAS response","request_id":"Root=1-6a2ed454-2d8ec303185cfe6e519436df","status_code":200},"filename":"/home/runner/work/xet-core/xet-core/xet_client/src/common/http_client.rs","line_number":288}
{"timestamp":"2026-06-14T16:18:28.016977Z","level":"INFO","fields":{"message":"Request Success: xet-token api call succeeded (request id Root=1-6a2ed454-2d8ec303185cfe6e519436df)."},"filename":"/home/runner/work/xet-core/xet-core/xet_client/src/cas_client/retry_wrapper.rs","line_number":210}
{"timestamp":"2026-06-14T16:18:28.016996Z","level":"INFO","fields":{"message":"Token refreshed","new_expiry":1781454808},"filename":"/home/runner/work/xet-core/xet-core/xet_client/src/cas_client/auth.rs","line_number":208}
{"timestamp":"2026-06-14T16:19:28.019455Z","level":"WARN","fields":{"message":"Request error","err":"Reqwest(reqwest::Error { kind: Request, url: \"https://cas-server.xethub.hf.co/v2/reconstructions/ddff6dff3ee02ed60d57a3fef5a3df80dcd1ce864d1c2b773dfc34bc9e33d121\", source: hyper_util::client::legacy::Error(Connect, TimedOut) })"},"filename":"/home/runner/work/xet-core/xet-core/xet_client/src/common/http_client.rs","line_number":291}
{"timestamp":"2026-06-14T16:19:28.019491Z","level":"INFO","fields":{"message":"Connection attempt 3/5","api":"cas::get_reconstruction_v2"},"filename":"/home/runner/work/xet-core/xet-core/xet_client/src/cas_client/retry_wrapper.rs","line_number":116}
{"timestamp":"2026-06-14T16:19:28.019495Z","level":"INFO","fields":{"message":"Retryable Client Error: cas::get_reconstruction_v2 api call failed (retry 2): error sending request for url (https://cas-server.xethub.hf.co/v2/reconstructions/ddff6dff3ee02ed60d57a3fef5a3df80dcd1ce864d1c2b773dfc34bc9e33d121)"},"filename":"/home/runner/work/xet-core/xet-core/xet_client/src/cas_client/retry_wrapper.rs","line_number":119}
{"timestamp":"2026-06-14T16:27:44.127004Z","level":"INFO","fields":{"message":"Retry strategy","max_attempts":5,"base_delay":"3s","no_retry_on_429":false},"filename":"/home/runner/work/xet-core/xet-core/xet_client/src/cas_client/retry_wrapper.rs","line_number":249}
{"timestamp":"2026-06-14T16:27:44.169358Z","level":"INFO","fields":{"message":"Received CAS response","request_id":"Root=1-6a2ed680-1a1eb69300f8138e479c6b76","status_code":200},"filename":"/home/runner/work/xet-core/xet-core/xet_client/src/common/http_client.rs","line_number":288}
{"timestamp":"2026-06-14T16:27:44.169377Z","level":"INFO","fields":{"message":"Request Success: xet-token api call succeeded (request id Root=1-6a2ed680-1a1eb69300f8138e479c6b76)."},"filename":"/home/runner/work/xet-core/xet-core/xet_client/src/cas_client/retry_wrapper.rs","line_number":210}
{"timestamp":"2026-06-14T16:27:44.169390Z","level":"INFO","fields":{"message":"Token refreshed","new_expiry":1781455364},"filename":"/home/runner/work/xet-core/xet-core/xet_client/src/cas_client/auth.rs","line_number":208}
{"timestamp":"2026-06-14T16:28:44.170699Z","level":"WARN","fields":{"message":"Request error","err":"Reqwest(reqwest::Error { kind: Request, url: \"https://cas-server.xethub.hf.co/v2/reconstructions/681ca60c86485bb21a68f11285e31b17b2025b2cdd1fd2b51717f7f726792cfc\", source: hyper_util::client::legacy::Error(Connect, TimedOut) })"},"filename":"/home/runner/work/xet-core/xet-core/xet_client/src/common/http_client.rs","line_number":291}
{"timestamp":"2026-06-14T16:28:44.170731Z","level":"INFO","fields":{"message":"Connection attempt 3/5","api":"cas::get_reconstruction_v2"},"filename":"/home/runner/work/xet-core/xet-core/xet_client/src/cas_client/retry_wrapper.rs","line_number":116}
{"timestamp":"2026-06-14T16:28:44.170735Z","level":"INFO","fields":{"message":"Retryable Client Error: cas::get_reconstruction_v2 api call failed (retry 2): error sending request for url (https://cas-server.xethub.hf.co/v2/reconstructions/681ca60c86485bb21a68f11285e31b17b2025b2cdd1fd2b51717f7f726792cfc)"},"filename":"/home/runner/work/xet-core/xet-core/xet_client/src/cas_client/retry_wrapper.rs","line_number":119}
{"timestamp":"2026-06-14T16:36:49.724791Z","level":"INFO","fields":{"message":"Retry strategy","max_attempts":5,"base_delay":"3s","no_retry_on_429":false},"filename":"/home/runner/work/xet-core/xet-core/xet_client/src/cas_client/retry_wrapper.rs","line_number":249}
{"timestamp":"2026-06-14T16:36:49.753184Z","level":"INFO","fields":{"message":"Received CAS response","request_id":"Root=1-6a2ed8a1-47890ff245acd01744a15735","status_code":200},"filename":"/home/runner/work/xet-core/xet-core/xet_client/src/common/http_client.rs","line_number":288}
{"timestamp":"2026-06-14T16:36:49.753200Z","level":"INFO","fields":{"message":"Request Success: xet-token api call succeeded (request id Root=1-6a2ed8a1-47890ff245acd01744a15735)."},"filename":"/home/runner/work/xet-core/xet-core/xet_client/src/cas_client/retry_wrapper.rs","line_number":210}
{"timestamp":"2026-06-14T16:36:49.753213Z","level":"INFO","fields":{"message":"Token refreshed","new_expiry":1781455909},"filename":"/home/runner/work/xet-core/xet-core/xet_client/src/cas_client/auth.rs","line_number":208}
{"timestamp":"2026-06-14T16:37:49.754007Z","level":"WARN","fields":{"message":"Request error","err":"Reqwest(reqwest::Error { kind: Request, url: \"https://cas-server.xethub.hf.co/v2/reconstructions/ddff6dff3ee02ed60d57a3fef5a3df80dcd1ce864d1c2b773dfc34bc9e33d121\", source: hyper_util::client::legacy::Error(Connect, TimedOut) })"},"filename":"/home/runner/work/xet-core/xet-core/xet_client/src/common/http_client.rs","line_number":291}
{"timestamp":"2026-06-14T16:37:49.754035Z","level":"INFO","fields":{"message":"Connection attempt 3/5","api":"cas::get_reconstruction_v2"},"filename":"/home/runner/work/xet-core/xet-core/xet_client/src/cas_client/retry_wrapper.rs","line_number":116}
{"timestamp":"2026-06-14T16:37:49.754039Z","level":"INFO","fields":{"message":"Retryable Client Error: cas::get_reconstruction_v2 api call failed (retry 2): error sending request for url (https://cas-server.xethub.hf.co/v2/reconstructions/ddff6dff3ee02ed60d57a3fef5a3df80dcd1ce864d1c2b773dfc34bc9e33d121)"},"filename":"/home/runner/work/xet-core/xet-core/xet_client/src/cas_client/retry_wrapper.rs","line_number":119}
